16:01:24 **** Auto Build of configuration Debug for project LVDSTEST ****
make pre-build main-build 
a9-linaro-pre-build-step
' '
'Building file: ../src/xdma_driver.c'
'Invoking: ARM v7 gcc compiler'
arm-none-eabi-gcc -Wall -O0 -g3 -c -fmessage-length=0 -MT"src/xdma_driver.o" -mcpu=cortex-a9 -mfpu=vfpv3 -mfloat-abi=hard -I../../LVDSTEST_bsp/ps7_cortexa9_0/include -MMD -MP -MF"src/xdma_driver.d" -MT"src/xdma_driver.o" -o "src/xdma_driver.o" "../src/xdma_driver.c"
In file included from ../src/xdma_driver.c:2:0:
../src/xdma_driver.h:49:2: warning: #warning CHECK FOR THE VALID DDR ADDRESS IN XPARAMETERS.H, DEFAULT SET TO 0x01000000 [-Wcpp]
 #warning CHECK FOR THE VALID DDR ADDRESS IN XPARAMETERS.H, \
  ^~~~~~~
../src/xdma_driver.h:149:1: warning: parameter names (without types) in function declaration
 static void TxIntrHandler(AxiDma);
 ^~~~~~
../src/xdma_driver.h:150:1: warning: parameter names (without types) in function declaration
 static void RxIntrHandler(AxiDma);
 ^~~~~~
../src/xdma_driver.c: In function 'RxIntrHandler':
../src/xdma_driver.c:177:6: warning: unused variable 'Status' [-Wunused-variable]
  int Status;
      ^~~~~~
../src/xdma_driver.c: In function 'dma_8_10b_recv':
../src/xdma_driver.c:769:28: warning: passing argument 1 of 'Xil_DCacheInvalidateRange' makes integer from pointer without a cast [-Wint-conversion]
  Xil_DCacheInvalidateRange(RxBufferPtr,MAX_PKT_LEN);
                            ^~~~~~~~~~~
In file included from ../../LVDSTEST_bsp/ps7_cortexa9_0/include/xaxidma_bd.h:120:0,
                 from ../../LVDSTEST_bsp/ps7_cortexa9_0/include/xaxidma_bdring.h:87,
                 from ../../LVDSTEST_bsp/ps7_cortexa9_0/include/xaxidma.h:492,
                 from ../src/xdma_driver.h:13,
                 from ../src/xdma_driver.c:2:
../../LVDSTEST_bsp/ps7_cortexa9_0/include/xil_cache.h:105:6: note: expected 'INTPTR {aka int}' but argument is of type 'u8 * {aka unsigned char *}'
 void Xil_DCacheInvalidateRange(INTPTR adr, u32 len);
      ^~~~~~~~~~~~~~~~~~~~~~~~~
../src/xdma_driver.c: In function 'dma_init':
../src/xdma_driver.c:698:1: warning: control reaches end of non-void function [-Wreturn-type]
 }
 ^
At top level:
../src/xdma_driver.c:531:13: warning: 'DisableIntrSystem' defined but not used [-Wunused-function]
 static void DisableIntrSystem(INTC * IntcInstancePtr,
             ^~~~~~~~~~~~~~~~~
../src/xdma_driver.c:267:12: warning: 'SetupIntrSystem' defined but not used [-Wunused-function]
 static int SetupIntrSystem(INTC * IntcInstancePtr,
            ^~~~~~~~~~~~~~~
../src/xdma_driver.c:50:5: warning: 'CheckData' defined but not used [-Wunused-function]
 int CheckData(int Length, u8 StartValue)
     ^~~~~~~~~
'Finished building: ../src/xdma_driver.c'
' '
'Building target: LVDSTEST.elf'
'Invoking: ARM v7 gcc linker'
arm-none-eabi-gcc -mcpu=cortex-a9 -mfpu=vfpv3 -mfloat-abi=hard -Wl,-build-id=none -specs=Xilinx.spec -Wl,-T -Wl,../src/lscript.ld -L../../LVDSTEST_bsp/ps7_cortexa9_0/lib -o "LVDSTEST.elf"  ./src/Fire.o ./src/LVDS_driver.o ./src/Uart_driver.o ./src/count.o ./src/demo.o ./src/lib_fifo.o ./src/xdma_driver.o   -Wl,--start-group,-lxil,-lgcc,-lc,--end-group
'Finished building target: LVDSTEST.elf'
' '
'Invoking: ARM v7 Print Size'
arm-none-eabi-size LVDSTEST.elf  |tee "LVDSTEST.elf.size"
   text	   data	    bss	    dec	    hex	filename
  71240	   4384	  41768	 117392	  1ca90	LVDSTEST.elf
'Finished building: LVDSTEST.elf.size'
' '

16:01:25 Build Finished (took 1s.49ms)

